Archive member included because of file (symbol)

../lib/libbufio.a(iolib.o)    main.o (io_init)
../lib/libbufio.a(iobuffer.o)
                              ../lib/libbufio.a(iolib.o) (iobuf_init)
../lib/libbwio.a(bwio.o)      ../lib/libbufio.a(iolib.o) (bwsetfifo)
../lib/libstdlib.a(stdlib.o)  ../lib/libbufio.a(iolib.o) (bwa2i)
/u/wbcowan/gnuarm-4.0.2/lib/gcc/arm-elf/4.0.2/libgcc.a(_udivsi3.o)
                              ../lib/libstdlib.a(stdlib.o) (__udivsi3)
/u/wbcowan/gnuarm-4.0.2/lib/gcc/arm-elf/4.0.2/libgcc.a(_umodsi3.o)
                              ../lib/libstdlib.a(stdlib.o) (__umodsi3)
/u/wbcowan/gnuarm-4.0.2/lib/gcc/arm-elf/4.0.2/libgcc.a(_dvmd_tls.o)
                              /u/wbcowan/gnuarm-4.0.2/lib/gcc/arm-elf/4.0.2/libgcc.a(_udivsi3.o) (__div0)

Memory Configuration

Name             Origin             Length             Attributes
ram              0x0000000000218000 0x0000000002000000
rom              0x0000000060000000 0x0000000000800000
*default*        0x0000000000000000 0xffffffffffffffff

Linker script and memory map


data            0x0000000000218000        0x0
                0x0000000000218000                _DataStart = .
 *(.data)
                0x0000000000218000                _DataEnd = .

bss             0x0000000000218000      0x294
                0x0000000000218000                _BssStart = .
 *(.bss)
 .bss           0x0000000000218000       0x14 clock.o
 .bss           0x0000000000218014      0x190 train.o
 .bss           0x00000000002181a4       0xf0 ../lib/libbufio.a(iolib.o)
                0x0000000000218294                _BssEnd = .

text            0x0000000000218294     0x2388
 *(.text)
 .text          0x0000000000218294      0x29c clock.o
                0x0000000000218294                clock_init
                0x0000000000218370                clock_get
                0x00000000002183f0                clock_poll
 .text          0x0000000000218530      0x4f0 main.o
                0x0000000000218750                setpos
                0x0000000000218530                train_dance
                0x00000000002187f8                init
                0x00000000002188cc                main
                0x00000000002187c8                loadcur
                0x0000000000218798                savecur
                0x0000000000218694                bwcls
                0x00000000002186cc                bwsetpos
                0x0000000000218720                cls
 .text          0x0000000000218a20      0x2fc train.o
                0x0000000000218c8c                train_setspeed
                0x0000000000218bac                train_start
                0x0000000000218a20                _nop
                0x0000000000218ce8                train_setgate
 .text          0x0000000000218d1c      0x714 ../lib/libbufio.a(iolib.o)
                0x0000000000218fb8                putw
                0x0000000000219378                printf
                0x0000000000218f44                putstr
                0x0000000000218d1c                io_init
                0x00000000002193a8                getc
                0x00000000002190b4                formatString
                0x0000000000218e1c                io_poll
                0x0000000000218ef8                putc
 .text          0x0000000000219430      0x1ec ../lib/libbufio.a(iobuffer.o)
                0x0000000000219484                iobuf_init
                0x0000000000219588                iobuf_store
                0x00000000002194f8                iobuf_get
                0x00000000002194c8                iobuf_empty
 .text          0x000000000021961c      0x974 ../lib/libbwio.a(bwio.o)
                0x00000000002199c8                bwputr
                0x000000000021961c                bwsetfifo
                0x00000000002197f0                bwputc
                0x00000000002196e4                bwsetspeed
                0x00000000002198e8                c2x
                0x0000000000219bcc                bwgetc
                0x0000000000219c84                bwformat
                0x0000000000219ac4                bwputw
                0x0000000000219f58                bwprintf
                0x0000000000219948                bwputx
                0x0000000000219a48                bwputstr
 .text          0x0000000000219f90      0x3a4 ../lib/libstdlib.a(stdlib.o)
                0x000000000021a2d0                bwi2a
                0x0000000000219f90                memcpy
                0x000000000021a020                bwa2d
                0x000000000021a0c8                bwa2i
                0x000000000021a18c                bwui2a
                0x0000000000219ff8                abs
 .text          0x000000000021a334      0x110 /u/wbcowan/gnuarm-4.0.2/lib/gcc/arm-elf/4.0.2/libgcc.a(_udivsi3.o)
                0x000000000021a334                __udivsi3
                0x000000000021a42c                __aeabi_uidivmod
 .text          0x000000000021a444       0xcc /u/wbcowan/gnuarm-4.0.2/lib/gcc/arm-elf/4.0.2/libgcc.a(_umodsi3.o)
                0x000000000021a444                __umodsi3
 .text          0x000000000021a510        0x4 /u/wbcowan/gnuarm-4.0.2/lib/gcc/arm-elf/4.0.2/libgcc.a(_dvmd_tls.o)
                0x000000000021a510                __aeabi_ldiv0
                0x000000000021a510                __div0
                0x000000000021a510                __aeabi_idiv0
 *(.got)
 .got           0x000000000021a514       0x34 clock.o
 *(.got.plt)
 .got.plt       0x000000000021a548        0xc clock.o
                0x000000000021a548                _GLOBAL_OFFSET_TABLE_
 *(.rodata)
 .rodata        0x000000000021a554       0x84 main.o
 .rodata        0x000000000021a5d8       0x44 train.o
 *(.glue_7)
 *(.glue_7t)

.rel.dyn
LOAD clock.o
LOAD main.o
LOAD train.o
LOAD ../lib/libbufio.a
LOAD ../lib/libbwio.a
LOAD ../lib/libstdlib.a
LOAD /u/wbcowan/gnuarm-4.0.2/lib/gcc/arm-elf/4.0.2/libgcc.a
OUTPUT(kernel.elf elf32-littlearm)

.comment        0x0000000000000000       0x7e
 .comment       0x0000000000000000       0x12 clock.o
 .comment       0x0000000000000012       0x12 main.o
 .comment       0x0000000000000024       0x12 train.o
 .comment       0x0000000000000036       0x12 ../lib/libbufio.a(iolib.o)
 .comment       0x0000000000000048       0x12 ../lib/libbufio.a(iobuffer.o)
 .comment       0x000000000000005a       0x12 ../lib/libbwio.a(bwio.o)
 .comment       0x000000000000006c       0x12 ../lib/libstdlib.a(stdlib.o)

.debug_line     0x0000000000000000      0x14f
 .debug_line    0x0000000000000000       0x86 /u/wbcowan/gnuarm-4.0.2/lib/gcc/arm-elf/4.0.2/libgcc.a(_udivsi3.o)
 .debug_line    0x0000000000000086       0x6f /u/wbcowan/gnuarm-4.0.2/lib/gcc/arm-elf/4.0.2/libgcc.a(_umodsi3.o)
 .debug_line    0x00000000000000f5       0x5a /u/wbcowan/gnuarm-4.0.2/lib/gcc/arm-elf/4.0.2/libgcc.a(_dvmd_tls.o)

.debug_info     0x0000000000000000      0x153
 .debug_info    0x0000000000000000       0x71 /u/wbcowan/gnuarm-4.0.2/lib/gcc/arm-elf/4.0.2/libgcc.a(_udivsi3.o)
 .debug_info    0x0000000000000071       0x71 /u/wbcowan/gnuarm-4.0.2/lib/gcc/arm-elf/4.0.2/libgcc.a(_umodsi3.o)
 .debug_info    0x00000000000000e2       0x71 /u/wbcowan/gnuarm-4.0.2/lib/gcc/arm-elf/4.0.2/libgcc.a(_dvmd_tls.o)

.debug_abbrev   0x0000000000000000       0x3c
 .debug_abbrev  0x0000000000000000       0x14 /u/wbcowan/gnuarm-4.0.2/lib/gcc/arm-elf/4.0.2/libgcc.a(_udivsi3.o)
 .debug_abbrev  0x0000000000000014       0x14 /u/wbcowan/gnuarm-4.0.2/lib/gcc/arm-elf/4.0.2/libgcc.a(_umodsi3.o)
 .debug_abbrev  0x0000000000000028       0x14 /u/wbcowan/gnuarm-4.0.2/lib/gcc/arm-elf/4.0.2/libgcc.a(_dvmd_tls.o)

.debug_aranges  0x0000000000000000       0x60
 .debug_aranges
                0x0000000000000000       0x20 /u/wbcowan/gnuarm-4.0.2/lib/gcc/arm-elf/4.0.2/libgcc.a(_udivsi3.o)
 .debug_aranges
                0x0000000000000020       0x20 /u/wbcowan/gnuarm-4.0.2/lib/gcc/arm-elf/4.0.2/libgcc.a(_umodsi3.o)
 .debug_aranges
                0x0000000000000040       0x20 /u/wbcowan/gnuarm-4.0.2/lib/gcc/arm-elf/4.0.2/libgcc.a(_dvmd_tls.o)
