Archive member included because of file (symbol)

../lib/libbufio.a(iolib.o)    main.o (io_init)
../lib/libbufio.a(iobuffer.o)
                              ../lib/libbufio.a(iolib.o) (iobuf_init)
../lib/libbwio.a(bwio.o)      ../lib/libbufio.a(iolib.o) (bwsetfifo)
../lib/libstdlib.a(stdlib.o)  main.o (bwcls)
/u/wbcowan/gnuarm-4.0.2/lib/gcc/arm-elf/4.0.2/libgcc.a(_udivsi3.o)
                              ../lib/libstdlib.a(stdlib.o) (__udivsi3)
/u/wbcowan/gnuarm-4.0.2/lib/gcc/arm-elf/4.0.2/libgcc.a(_umodsi3.o)
                              ../lib/libstdlib.a(stdlib.o) (__umodsi3)
/u/wbcowan/gnuarm-4.0.2/lib/gcc/arm-elf/4.0.2/libgcc.a(_dvmd_tls.o)
                              /u/wbcowan/gnuarm-4.0.2/lib/gcc/arm-elf/4.0.2/libgcc.a(_udivsi3.o) (__div0)

Memory Configuration

Name             Origin             Length             Attributes
ram              0x0000000000218000 0x0000000002000000
rom              0x0000000060000000 0x0000000000800000
*default*        0x0000000000000000 0xffffffffffffffff

Linker script and memory map


data            0x0000000000218000        0x0
                0x0000000000218000                _DataStart = .
 *(.data)
                0x0000000000218000                _DataEnd = .

bss             0x0000000000218000      0x1f4
                0x0000000000218000                _BssStart = .
 *(.bss)
 .bss           0x0000000000218000       0x14 clock.o
 .bss           0x0000000000218014       0x48 main.o
                0x0000000000218018                print_label
                0x0000000000218030                switch_index
                0x0000000000218014                running
                0x000000000021801c                arg
                0x0000000000218034                switches
 .bss           0x000000000021805c       0xa8 train.o
 .bss           0x0000000000218104       0xf0 ../lib/libbufio.a(iolib.o)
                0x00000000002181f4                _BssEnd = .

text            0x00000000002181f4     0x3d34
 *(.text)
 .text          0x00000000002181f4      0x29c clock.o
                0x00000000002181f4                clock_init
                0x00000000002182d0                clock_get
                0x0000000000218350                clock_poll
 .text          0x0000000000218490      0x8c8 main.o
                0x00000000002186a4                run_command
                0x0000000000218490                inc_switchread
                0x0000000000218510                init
                0x0000000000218904                main
                0x00000000002187fc                getSwitchName
 .text          0x0000000000218d58      0x770 parse.o
                0x0000000000219058                parse_gate
                0x0000000000218edc                parse_argument
                0x0000000000218d58                consume_integer
                0x00000000002192c8                parse_reverse
                0x0000000000219374                parse_command
                0x0000000000219170                parse_train
                0x0000000000218e08                consume_whitespace
                0x0000000000219288                parse_stop
 .text          0x00000000002194c8      0x30c terminal.o
                0x000000000021971c                term_init
                0x0000000000219604                term_uswitchtable
                0x00000000002194c8                term_switchtable
                0x000000000021979c                term_destroy
 .text          0x00000000002197d4      0x6ec train.o
                0x0000000000219cf4                train_setspeed
                0x0000000000219ea0                train_askdump
                0x0000000000219b7c                train_start
                0x0000000000219dd0                train_setgate
 .text          0x0000000000219ec0      0x918 ../lib/libbufio.a(iolib.o)
                0x000000000021a2d8                putw
                0x000000000021a698                printf
                0x000000000021a264                putstr
                0x0000000000219ec0                io_init
                0x000000000021a6c8                getc
                0x000000000021a3d4                formatString
                0x000000000021a184                io_poll
                0x000000000021a218                puttrain
                0x000000000021a094                train_writepoll
                0x000000000021a1cc                putc
                0x000000000021a750                gettrain
                0x0000000000219fc0                term_writepoll
 .text          0x000000000021a7d8      0x1ec ../lib/libbufio.a(iobuffer.o)
                0x000000000021a82c                iobuf_init
                0x000000000021a930                iobuf_store
                0x000000000021a8a0                iobuf_get
                0x000000000021a870                iobuf_empty
 .text          0x000000000021a9c4      0x990 ../lib/libbwio.a(bwio.o)
                0x000000000021ad8c                bwputr
                0x000000000021a9c4                bwsetfifo
                0x000000000021ab98                bwputc
                0x000000000021aa8c                bwsetspeed
                0x000000000021acac                c2x
                0x000000000021af90                bwgetc
                0x000000000021b048                bwformat
                0x000000000021ae88                bwputw
                0x000000000021b31c                bwprintf
                0x000000000021ad0c                bwputx
                0x000000000021ae0c                bwputstr
 .text          0x000000000021b354      0x6b0 ../lib/libstdlib.a(stdlib.o)
                0x000000000021b46c                setpos
                0x000000000021b66c                ishex
                0x000000000021b9a0                bwi2a
                0x000000000021b408                bwloadcur
                0x000000000021b514                memcpy
                0x000000000021b5a4                isspace
                0x000000000021b6f0                bwa2d
                0x000000000021b618                isnum
                0x000000000021b798                bwa2i
                0x000000000021b4e4                loadcur
                0x000000000021b3d4                bwsavecur
                0x000000000021b85c                bwui2a
                0x000000000021b4b4                savecur
                0x000000000021b354                bwcls
                0x000000000021b388                bwsetpos
                0x000000000021b43c                cls
                0x000000000021b57c                abs
 .text          0x000000000021ba04      0x110 /u/wbcowan/gnuarm-4.0.2/lib/gcc/arm-elf/4.0.2/libgcc.a(_udivsi3.o)
                0x000000000021ba04                __udivsi3
                0x000000000021bafc                __aeabi_uidivmod
 .text          0x000000000021bb14       0xcc /u/wbcowan/gnuarm-4.0.2/lib/gcc/arm-elf/4.0.2/libgcc.a(_umodsi3.o)
                0x000000000021bb14                __umodsi3
 .text          0x000000000021bbe0        0x4 /u/wbcowan/gnuarm-4.0.2/lib/gcc/arm-elf/4.0.2/libgcc.a(_dvmd_tls.o)
                0x000000000021bbe0                __aeabi_ldiv0
                0x000000000021bbe0                __div0
                0x000000000021bbe0                __aeabi_idiv0
 *(.got)
 .got           0x000000000021bbe4       0x48 clock.o
 *(.got.plt)
 .got.plt       0x000000000021bc2c        0xc clock.o
                0x000000000021bc2c                _GLOBAL_OFFSET_TABLE_
 *(.rodata)
 .rodata        0x000000000021bc38       0xfc main.o
 .rodata        0x000000000021bd34       0x1c parse.o
 .rodata        0x000000000021bd50       0xec terminal.o
 .rodata        0x000000000021be3c       0xd0 train.o
 .rodata        0x000000000021bf0c       0x1c ../lib/libstdlib.a(stdlib.o)
 *(.glue_7)
 *(.glue_7t)

.rel.dyn
LOAD clock.o
LOAD main.o
LOAD parse.o
LOAD terminal.o
LOAD train.o
LOAD ../lib/libbufio.a
LOAD ../lib/libbwio.a
LOAD ../lib/libstdlib.a
LOAD /u/wbcowan/gnuarm-4.0.2/lib/gcc/arm-elf/4.0.2/libgcc.a
OUTPUT(kernel.elf elf32-littlearm)

.comment        0x0000000000000000       0xa2
 .comment       0x0000000000000000       0x12 clock.o
 .comment       0x0000000000000012       0x12 main.o
 .comment       0x0000000000000024       0x12 parse.o
 .comment       0x0000000000000036       0x12 terminal.o
 .comment       0x0000000000000048       0x12 train.o
 .comment       0x000000000000005a       0x12 ../lib/libbufio.a(iolib.o)
 .comment       0x000000000000006c       0x12 ../lib/libbufio.a(iobuffer.o)
 .comment       0x000000000000007e       0x12 ../lib/libbwio.a(bwio.o)
 .comment       0x0000000000000090       0x12 ../lib/libstdlib.a(stdlib.o)

.debug_line     0x0000000000000000      0x14f
 .debug_line    0x0000000000000000       0x86 /u/wbcowan/gnuarm-4.0.2/lib/gcc/arm-elf/4.0.2/libgcc.a(_udivsi3.o)
 .debug_line    0x0000000000000086       0x6f /u/wbcowan/gnuarm-4.0.2/lib/gcc/arm-elf/4.0.2/libgcc.a(_umodsi3.o)
 .debug_line    0x00000000000000f5       0x5a /u/wbcowan/gnuarm-4.0.2/lib/gcc/arm-elf/4.0.2/libgcc.a(_dvmd_tls.o)

.debug_info     0x0000000000000000      0x153
 .debug_info    0x0000000000000000       0x71 /u/wbcowan/gnuarm-4.0.2/lib/gcc/arm-elf/4.0.2/libgcc.a(_udivsi3.o)
 .debug_info    0x0000000000000071       0x71 /u/wbcowan/gnuarm-4.0.2/lib/gcc/arm-elf/4.0.2/libgcc.a(_umodsi3.o)
 .debug_info    0x00000000000000e2       0x71 /u/wbcowan/gnuarm-4.0.2/lib/gcc/arm-elf/4.0.2/libgcc.a(_dvmd_tls.o)

.debug_abbrev   0x0000000000000000       0x3c
 .debug_abbrev  0x0000000000000000       0x14 /u/wbcowan/gnuarm-4.0.2/lib/gcc/arm-elf/4.0.2/libgcc.a(_udivsi3.o)
 .debug_abbrev  0x0000000000000014       0x14 /u/wbcowan/gnuarm-4.0.2/lib/gcc/arm-elf/4.0.2/libgcc.a(_umodsi3.o)
 .debug_abbrev  0x0000000000000028       0x14 /u/wbcowan/gnuarm-4.0.2/lib/gcc/arm-elf/4.0.2/libgcc.a(_dvmd_tls.o)

.debug_aranges  0x0000000000000000       0x60
 .debug_aranges
                0x0000000000000000       0x20 /u/wbcowan/gnuarm-4.0.2/lib/gcc/arm-elf/4.0.2/libgcc.a(_udivsi3.o)
 .debug_aranges
                0x0000000000000020       0x20 /u/wbcowan/gnuarm-4.0.2/lib/gcc/arm-elf/4.0.2/libgcc.a(_umodsi3.o)
 .debug_aranges
                0x0000000000000040       0x20 /u/wbcowan/gnuarm-4.0.2/lib/gcc/arm-elf/4.0.2/libgcc.a(_dvmd_tls.o)
