Archive member included because of file (symbol)

../lib/libbufio.a(iolib.o)    main.o (io_init)
../lib/libbufio.a(iobuffer.o)
                              ../lib/libbufio.a(iolib.o) (iobuf_init)
../lib/libbwio.a(bwio.o)      ../lib/libbufio.a(iolib.o) (bwsetfifo)
/u/wbcowan/gnuarm-4.0.2/lib/gcc/arm-elf/4.0.2/libgcc.a(_udivsi3.o)
                              ../lib/libbwio.a(bwio.o) (__udivsi3)
/u/wbcowan/gnuarm-4.0.2/lib/gcc/arm-elf/4.0.2/libgcc.a(_umodsi3.o)
                              ../lib/libbwio.a(bwio.o) (__umodsi3)
/u/wbcowan/gnuarm-4.0.2/lib/gcc/arm-elf/4.0.2/libgcc.a(_dvmd_tls.o)
                              /u/wbcowan/gnuarm-4.0.2/lib/gcc/arm-elf/4.0.2/libgcc.a(_udivsi3.o) (__div0)

Memory Configuration

Name             Origin             Length             Attributes
ram              0x0000000000000000 0x0000000002000000
rom              0x0000000060000000 0x0000000000800000
*default*        0x0000000000000000 0xffffffffffffffff

Linker script and memory map


data            0x0000000000000000        0x0
                0x0000000000000000                _DataStart = .
 *(.data)
                0x0000000000000000                _DataEnd = .

bss             0x0000000000000000       0xe0
                0x0000000000000000                _BssStart = .
 *(.bss)
 .bss           0x0000000000000000       0xe0 ../lib/libbufio.a(iolib.o)
                0x00000000000000e0                _BssEnd = .

text            0x00000000000000e0     0x12bc
 *(.text)
 .text          0x00000000000000e0       0x88 main.o
                0x00000000000000e0                main
 .text          0x0000000000000168      0x1e4 ../lib/libbufio.a(iolib.o)
                0x0000000000000168                io_init
                0x000000000000026c                io_poll
                0x00000000000001fc                putc
 .text          0x000000000000034c      0x1ec ../lib/libbufio.a(iobuffer.o)
                0x00000000000003a0                iobuf_init
                0x00000000000004a4                iobuf_store
                0x0000000000000414                iobuf_get
                0x00000000000003e4                iobuf_empty
 .text          0x0000000000000538      0xc54 ../lib/libbwio.a(bwio.o)
                0x00000000000008b0                bwputr
                0x0000000000000e1c                bwi2a
                0x0000000000000538                bwsetfifo
                0x000000000000070c                bwputc
                0x0000000000000b6c                bwa2d
                0x0000000000000600                bwsetspeed
                0x00000000000007d0                c2x
                0x0000000000000c14                bwa2i
                0x0000000000000ab4                bwgetc
                0x0000000000000cd8                bwui2a
                0x0000000000000e80                bwformat
                0x00000000000009ac                bwputw
                0x0000000000001154                bwprintf
                0x0000000000000830                bwputx
                0x0000000000000930                bwputstr
 .text          0x000000000000118c      0x110 /u/wbcowan/gnuarm-4.0.2/lib/gcc/arm-elf/4.0.2/libgcc.a(_udivsi3.o)
                0x000000000000118c                __udivsi3
                0x0000000000001284                __aeabi_uidivmod
 .text          0x000000000000129c       0xcc /u/wbcowan/gnuarm-4.0.2/lib/gcc/arm-elf/4.0.2/libgcc.a(_umodsi3.o)
                0x000000000000129c                __umodsi3
 .text          0x0000000000001368        0x4 /u/wbcowan/gnuarm-4.0.2/lib/gcc/arm-elf/4.0.2/libgcc.a(_dvmd_tls.o)
                0x0000000000001368                __aeabi_ldiv0
                0x0000000000001368                __div0
                0x0000000000001368                __aeabi_idiv0
 *(.got)
 .got           0x000000000000136c        0x8 ../lib/libbufio.a(iolib.o)
 *(.got.plt)
 .got.plt       0x0000000000001374        0xc ../lib/libbufio.a(iolib.o)
                0x0000000000001374                _GLOBAL_OFFSET_TABLE_
 *(.rodata)
 .rodata        0x0000000000001380       0x1c ../lib/libbufio.a(iolib.o)
 *(.glue_7)
 *(.glue_7t)

.rel.dyn
LOAD main.o
LOAD ../lib/libbufio.a
LOAD ../lib/libbwio.a
LOAD ../lib/libstdlib.a
LOAD /u/wbcowan/gnuarm-4.0.2/lib/gcc/arm-elf/4.0.2/libgcc.a
OUTPUT(kernel.elf elf32-littlearm)

.comment        0x0000000000000000       0x48
 .comment       0x0000000000000000       0x12 main.o
 .comment       0x0000000000000012       0x12 ../lib/libbufio.a(iolib.o)
 .comment       0x0000000000000024       0x12 ../lib/libbufio.a(iobuffer.o)
 .comment       0x0000000000000036       0x12 ../lib/libbwio.a(bwio.o)

.debug_line     0x0000000000000000      0x14f
 .debug_line    0x0000000000000000       0x86 /u/wbcowan/gnuarm-4.0.2/lib/gcc/arm-elf/4.0.2/libgcc.a(_udivsi3.o)
 .debug_line    0x0000000000000086       0x6f /u/wbcowan/gnuarm-4.0.2/lib/gcc/arm-elf/4.0.2/libgcc.a(_umodsi3.o)
 .debug_line    0x00000000000000f5       0x5a /u/wbcowan/gnuarm-4.0.2/lib/gcc/arm-elf/4.0.2/libgcc.a(_dvmd_tls.o)

.debug_info     0x0000000000000000      0x153
 .debug_info    0x0000000000000000       0x71 /u/wbcowan/gnuarm-4.0.2/lib/gcc/arm-elf/4.0.2/libgcc.a(_udivsi3.o)
 .debug_info    0x0000000000000071       0x71 /u/wbcowan/gnuarm-4.0.2/lib/gcc/arm-elf/4.0.2/libgcc.a(_umodsi3.o)
 .debug_info    0x00000000000000e2       0x71 /u/wbcowan/gnuarm-4.0.2/lib/gcc/arm-elf/4.0.2/libgcc.a(_dvmd_tls.o)

.debug_abbrev   0x0000000000000000       0x3c
 .debug_abbrev  0x0000000000000000       0x14 /u/wbcowan/gnuarm-4.0.2/lib/gcc/arm-elf/4.0.2/libgcc.a(_udivsi3.o)
 .debug_abbrev  0x0000000000000014       0x14 /u/wbcowan/gnuarm-4.0.2/lib/gcc/arm-elf/4.0.2/libgcc.a(_umodsi3.o)
 .debug_abbrev  0x0000000000000028       0x14 /u/wbcowan/gnuarm-4.0.2/lib/gcc/arm-elf/4.0.2/libgcc.a(_dvmd_tls.o)

.debug_aranges  0x0000000000000000       0x60
 .debug_aranges
                0x0000000000000000       0x20 /u/wbcowan/gnuarm-4.0.2/lib/gcc/arm-elf/4.0.2/libgcc.a(_udivsi3.o)
 .debug_aranges
                0x0000000000000020       0x20 /u/wbcowan/gnuarm-4.0.2/lib/gcc/arm-elf/4.0.2/libgcc.a(_umodsi3.o)
 .debug_aranges
                0x0000000000000040       0x20 /u/wbcowan/gnuarm-4.0.2/lib/gcc/arm-elf/4.0.2/libgcc.a(_dvmd_tls.o)
