Archive member included because of file (symbol)

../lib/libbufio.a(iolib.o)    main.o (io_init)
../lib/libbufio.a(iobuffer.o)
                              ../lib/libbufio.a(iolib.o) (iobuf_init)
../lib/libbwio.a(bwio.o)      ../lib/libbufio.a(iolib.o) (bwsetfifo)
../lib/libstdlib.a(stdlib.o)  ../lib/libbufio.a(iolib.o) (bwa2i)
/u/wbcowan/gnuarm-4.0.2/lib/gcc/arm-elf/4.0.2/libgcc.a(_udivsi3.o)
                              ../lib/libstdlib.a(stdlib.o) (__udivsi3)
/u/wbcowan/gnuarm-4.0.2/lib/gcc/arm-elf/4.0.2/libgcc.a(_umodsi3.o)
                              ../lib/libstdlib.a(stdlib.o) (__umodsi3)
/u/wbcowan/gnuarm-4.0.2/lib/gcc/arm-elf/4.0.2/libgcc.a(_dvmd_tls.o)
                              /u/wbcowan/gnuarm-4.0.2/lib/gcc/arm-elf/4.0.2/libgcc.a(_udivsi3.o) (__div0)

Memory Configuration

Name             Origin             Length             Attributes
ram              0x0000000000218000 0x0000000002000000
rom              0x0000000060000000 0x0000000000800000
*default*        0x0000000000000000 0xffffffffffffffff

Linker script and memory map


data            0x0000000000218000        0x0
                0x0000000000218000                _DataStart = .
 *(.data)
                0x0000000000218000                _DataEnd = .

bss             0x0000000000218000      0x294
                0x0000000000218000                _BssStart = .
 *(.bss)
 .bss           0x0000000000218000       0x14 clock.o
 .bss           0x0000000000218014      0x190 train.o
 .bss           0x00000000002181a4       0xf0 ../lib/libbufio.a(iolib.o)
                0x0000000000218294                _BssEnd = .

text            0x0000000000218294     0x2440
 *(.text)
 .text          0x0000000000218294      0x29c clock.o
                0x0000000000218294                clock_init
                0x0000000000218370                clock_get
                0x00000000002183f0                clock_poll
 .text          0x0000000000218530      0x5a0 main.o
                0x0000000000218750                setpos
                0x0000000000218530                train_dance
                0x00000000002187f8                init
                0x00000000002188cc                main
                0x00000000002187c8                loadcur
                0x0000000000218798                savecur
                0x0000000000218694                bwcls
                0x00000000002186cc                bwsetpos
                0x0000000000218720                cls
 .text          0x0000000000218ad0      0x2fc train.o
                0x0000000000218d3c                train_setspeed
                0x0000000000218c5c                train_start
                0x0000000000218ad0                _nop
                0x0000000000218d98                train_setgate
 .text          0x0000000000218dcc      0x714 ../lib/libbufio.a(iolib.o)
                0x0000000000219068                putw
                0x0000000000219428                printf
                0x0000000000218ff4                putstr
                0x0000000000218dcc                io_init
                0x0000000000219458                getc
                0x0000000000219164                formatString
                0x0000000000218ecc                io_poll
                0x0000000000218fa8                putc
 .text          0x00000000002194e0      0x1ec ../lib/libbufio.a(iobuffer.o)
                0x0000000000219534                iobuf_init
                0x0000000000219638                iobuf_store
                0x00000000002195a8                iobuf_get
                0x0000000000219578                iobuf_empty
 .text          0x00000000002196cc      0x974 ../lib/libbwio.a(bwio.o)
                0x0000000000219a78                bwputr
                0x00000000002196cc                bwsetfifo
                0x00000000002198a0                bwputc
                0x0000000000219794                bwsetspeed
                0x0000000000219998                c2x
                0x0000000000219c7c                bwgetc
                0x0000000000219d34                bwformat
                0x0000000000219b74                bwputw
                0x000000000021a008                bwprintf
                0x00000000002199f8                bwputx
                0x0000000000219af8                bwputstr
 .text          0x000000000021a040      0x3a4 ../lib/libstdlib.a(stdlib.o)
                0x000000000021a380                bwi2a
                0x000000000021a040                memcpy
                0x000000000021a0d0                bwa2d
                0x000000000021a178                bwa2i
                0x000000000021a23c                bwui2a
                0x000000000021a0a8                abs
 .text          0x000000000021a3e4      0x110 /u/wbcowan/gnuarm-4.0.2/lib/gcc/arm-elf/4.0.2/libgcc.a(_udivsi3.o)
                0x000000000021a3e4                __udivsi3
                0x000000000021a4dc                __aeabi_uidivmod
 .text          0x000000000021a4f4       0xcc /u/wbcowan/gnuarm-4.0.2/lib/gcc/arm-elf/4.0.2/libgcc.a(_umodsi3.o)
                0x000000000021a4f4                __umodsi3
 .text          0x000000000021a5c0        0x4 /u/wbcowan/gnuarm-4.0.2/lib/gcc/arm-elf/4.0.2/libgcc.a(_dvmd_tls.o)
                0x000000000021a5c0                __aeabi_ldiv0
                0x000000000021a5c0                __div0
                0x000000000021a5c0                __aeabi_idiv0
 *(.got)
 .got           0x000000000021a5c4       0x34 clock.o
 *(.got.plt)
 .got.plt       0x000000000021a5f8        0xc clock.o
                0x000000000021a5f8                _GLOBAL_OFFSET_TABLE_
 *(.rodata)
 .rodata        0x000000000021a604       0x8c main.o
 .rodata        0x000000000021a690       0x44 train.o
 *(.glue_7)
 *(.glue_7t)

.rel.dyn
LOAD clock.o
LOAD main.o
LOAD train.o
LOAD ../lib/libbufio.a
LOAD ../lib/libbwio.a
LOAD ../lib/libstdlib.a
LOAD /u/wbcowan/gnuarm-4.0.2/lib/gcc/arm-elf/4.0.2/libgcc.a
OUTPUT(kernel.elf elf32-littlearm)

.comment        0x0000000000000000       0x7e
 .comment       0x0000000000000000       0x12 clock.o
 .comment       0x0000000000000012       0x12 main.o
 .comment       0x0000000000000024       0x12 train.o
 .comment       0x0000000000000036       0x12 ../lib/libbufio.a(iolib.o)
 .comment       0x0000000000000048       0x12 ../lib/libbufio.a(iobuffer.o)
 .comment       0x000000000000005a       0x12 ../lib/libbwio.a(bwio.o)
 .comment       0x000000000000006c       0x12 ../lib/libstdlib.a(stdlib.o)

.debug_line     0x0000000000000000      0x14f
 .debug_line    0x0000000000000000       0x86 /u/wbcowan/gnuarm-4.0.2/lib/gcc/arm-elf/4.0.2/libgcc.a(_udivsi3.o)
 .debug_line    0x0000000000000086       0x6f /u/wbcowan/gnuarm-4.0.2/lib/gcc/arm-elf/4.0.2/libgcc.a(_umodsi3.o)
 .debug_line    0x00000000000000f5       0x5a /u/wbcowan/gnuarm-4.0.2/lib/gcc/arm-elf/4.0.2/libgcc.a(_dvmd_tls.o)

.debug_info     0x0000000000000000      0x153
 .debug_info    0x0000000000000000       0x71 /u/wbcowan/gnuarm-4.0.2/lib/gcc/arm-elf/4.0.2/libgcc.a(_udivsi3.o)
 .debug_info    0x0000000000000071       0x71 /u/wbcowan/gnuarm-4.0.2/lib/gcc/arm-elf/4.0.2/libgcc.a(_umodsi3.o)
 .debug_info    0x00000000000000e2       0x71 /u/wbcowan/gnuarm-4.0.2/lib/gcc/arm-elf/4.0.2/libgcc.a(_dvmd_tls.o)

.debug_abbrev   0x0000000000000000       0x3c
 .debug_abbrev  0x0000000000000000       0x14 /u/wbcowan/gnuarm-4.0.2/lib/gcc/arm-elf/4.0.2/libgcc.a(_udivsi3.o)
 .debug_abbrev  0x0000000000000014       0x14 /u/wbcowan/gnuarm-4.0.2/lib/gcc/arm-elf/4.0.2/libgcc.a(_umodsi3.o)
 .debug_abbrev  0x0000000000000028       0x14 /u/wbcowan/gnuarm-4.0.2/lib/gcc/arm-elf/4.0.2/libgcc.a(_dvmd_tls.o)

.debug_aranges  0x0000000000000000       0x60
 .debug_aranges
                0x0000000000000000       0x20 /u/wbcowan/gnuarm-4.0.2/lib/gcc/arm-elf/4.0.2/libgcc.a(_udivsi3.o)
 .debug_aranges
                0x0000000000000020       0x20 /u/wbcowan/gnuarm-4.0.2/lib/gcc/arm-elf/4.0.2/libgcc.a(_umodsi3.o)
 .debug_aranges
                0x0000000000000040       0x20 /u/wbcowan/gnuarm-4.0.2/lib/gcc/arm-elf/4.0.2/libgcc.a(_dvmd_tls.o)
