Archive member included because of file (symbol)

../lib/libbufio.a(iolib.o)    main.o (io_init)
../lib/libbufio.a(iobuffer.o)
                              ../lib/libbufio.a(iolib.o) (iobuf_init)
../lib/libbwio.a(bwio.o)      ../lib/libbufio.a(iolib.o) (bwsetfifo)
../lib/libstdlib.a(stdlib.o)  main.o (bwcls)
/u/wbcowan/gnuarm-4.0.2/lib/gcc/arm-elf/4.0.2/libgcc.a(_udivsi3.o)
                              ../lib/libstdlib.a(stdlib.o) (__udivsi3)
/u/wbcowan/gnuarm-4.0.2/lib/gcc/arm-elf/4.0.2/libgcc.a(_umodsi3.o)
                              ../lib/libstdlib.a(stdlib.o) (__umodsi3)
/u/wbcowan/gnuarm-4.0.2/lib/gcc/arm-elf/4.0.2/libgcc.a(_dvmd_tls.o)
                              /u/wbcowan/gnuarm-4.0.2/lib/gcc/arm-elf/4.0.2/libgcc.a(_udivsi3.o) (__div0)

Memory Configuration

Name             Origin             Length             Attributes
ram              0x0000000000218000 0x0000000002000000
rom              0x0000000060000000 0x0000000000800000
*default*        0x0000000000000000 0xffffffffffffffff

Linker script and memory map


data            0x0000000000218000        0x0
                0x0000000000218000                _DataStart = .
 *(.data)
                0x0000000000218000                _DataEnd = .

bss             0x0000000000218000      0x1c0
                0x0000000000218000                _BssStart = .
 *(.bss)
 .bss           0x0000000000218000       0x14 clock.o
 .bss           0x0000000000218014       0x48 main.o
                0x0000000000218018                print_label
                0x0000000000218030                switch_index
                0x0000000000218014                running
                0x000000000021801c                arg
                0x0000000000218034                switches
 .bss           0x000000000021805c       0x74 train.o
 .bss           0x00000000002180d0       0xf0 ../lib/libbufio.a(iolib.o)
                0x00000000002181c0                _BssEnd = .

text            0x00000000002181c0     0x3ef0
 *(.text)
 .text          0x00000000002181c0      0x29c clock.o
                0x00000000002181c0                clock_init
                0x000000000021829c                clock_get
                0x000000000021831c                clock_poll
 .text          0x000000000021845c      0x8f4 main.o
                0x0000000000218694                run_command
                0x000000000021845c                inc_switchread
                0x00000000002184dc                init
                0x00000000002188f4                main
                0x00000000002187ec                getSwitchName
 .text          0x0000000000218d50      0x770 parse.o
                0x0000000000219050                parse_gate
                0x0000000000218ed4                parse_argument
                0x0000000000218d50                consume_integer
                0x00000000002192c0                parse_reverse
                0x000000000021936c                parse_command
                0x0000000000219168                parse_train
                0x0000000000218e00                consume_whitespace
                0x0000000000219280                parse_stop
 .text          0x00000000002194c0      0x30c terminal.o
                0x0000000000219714                term_init
                0x00000000002195fc                term_uswitchtable
                0x00000000002194c0                term_switchtable
                0x0000000000219794                term_destroy
 .text          0x00000000002197cc      0x878 train.o
                0x0000000000219e7c                train_setspeed
                0x000000000021a024                train_askdump
                0x0000000000219cdc                train_init
                0x0000000000219f54                train_setgate
 .text          0x000000000021a044      0x918 ../lib/libbufio.a(iolib.o)
                0x000000000021a45c                putw
                0x000000000021a81c                printf
                0x000000000021a3e8                putstr
                0x000000000021a044                io_init
                0x000000000021a84c                getc
                0x000000000021a558                formatString
                0x000000000021a308                io_poll
                0x000000000021a39c                puttrain
                0x000000000021a218                train_writepoll
                0x000000000021a350                putc
                0x000000000021a8d4                gettrain
                0x000000000021a144                term_writepoll
 .text          0x000000000021a95c      0x1ec ../lib/libbufio.a(iobuffer.o)
                0x000000000021a9b0                iobuf_init
                0x000000000021aab4                iobuf_store
                0x000000000021aa24                iobuf_get
                0x000000000021a9f4                iobuf_empty
 .text          0x000000000021ab48      0x990 ../lib/libbwio.a(bwio.o)
                0x000000000021af10                bwputr
                0x000000000021ab48                bwsetfifo
                0x000000000021ad1c                bwputc
                0x000000000021ac10                bwsetspeed
                0x000000000021ae30                c2x
                0x000000000021b114                bwgetc
                0x000000000021b1cc                bwformat
                0x000000000021b00c                bwputw
                0x000000000021b4a0                bwprintf
                0x000000000021ae90                bwputx
                0x000000000021af90                bwputstr
 .text          0x000000000021b4d8      0x6b0 ../lib/libstdlib.a(stdlib.o)
                0x000000000021b5f0                setpos
                0x000000000021b7f0                ishex
                0x000000000021bb24                bwi2a
                0x000000000021b58c                bwloadcur
                0x000000000021b698                memcpy
                0x000000000021b728                isspace
                0x000000000021b874                bwa2d
                0x000000000021b79c                isnum
                0x000000000021b91c                bwa2i
                0x000000000021b668                loadcur
                0x000000000021b558                bwsavecur
                0x000000000021b9e0                bwui2a
                0x000000000021b638                savecur
                0x000000000021b4d8                bwcls
                0x000000000021b50c                bwsetpos
                0x000000000021b5c0                cls
                0x000000000021b700                abs
 .text          0x000000000021bb88      0x110 /u/wbcowan/gnuarm-4.0.2/lib/gcc/arm-elf/4.0.2/libgcc.a(_udivsi3.o)
                0x000000000021bb88                __udivsi3
                0x000000000021bc80                __aeabi_uidivmod
 .text          0x000000000021bc98       0xcc /u/wbcowan/gnuarm-4.0.2/lib/gcc/arm-elf/4.0.2/libgcc.a(_umodsi3.o)
                0x000000000021bc98                __umodsi3
 .text          0x000000000021bd64        0x4 /u/wbcowan/gnuarm-4.0.2/lib/gcc/arm-elf/4.0.2/libgcc.a(_dvmd_tls.o)
                0x000000000021bd64                __aeabi_ldiv0
                0x000000000021bd64                __div0
                0x000000000021bd64                __aeabi_idiv0
 *(.got)
 .got           0x000000000021bd68       0x48 clock.o
 *(.got.plt)
 .got.plt       0x000000000021bdb0        0xc clock.o
                0x000000000021bdb0                _GLOBAL_OFFSET_TABLE_
 *(.rodata)
 .rodata        0x000000000021bdbc       0xe4 main.o
 .rodata        0x000000000021bea0       0x1c parse.o
 .rodata        0x000000000021bebc       0xec terminal.o
 .rodata        0x000000000021bfa8       0xec train.o
 .rodata        0x000000000021c094       0x1c ../lib/libstdlib.a(stdlib.o)
 *(.glue_7)
 *(.glue_7t)

.rel.dyn
LOAD clock.o
LOAD main.o
LOAD parse.o
LOAD terminal.o
LOAD train.o
LOAD ../lib/libbufio.a
LOAD ../lib/libbwio.a
LOAD ../lib/libstdlib.a
LOAD /u/wbcowan/gnuarm-4.0.2/lib/gcc/arm-elf/4.0.2/libgcc.a
OUTPUT(kernel.elf elf32-littlearm)

.comment        0x0000000000000000       0xa2
 .comment       0x0000000000000000       0x12 clock.o
 .comment       0x0000000000000012       0x12 main.o
 .comment       0x0000000000000024       0x12 parse.o
 .comment       0x0000000000000036       0x12 terminal.o
 .comment       0x0000000000000048       0x12 train.o
 .comment       0x000000000000005a       0x12 ../lib/libbufio.a(iolib.o)
 .comment       0x000000000000006c       0x12 ../lib/libbufio.a(iobuffer.o)
 .comment       0x000000000000007e       0x12 ../lib/libbwio.a(bwio.o)
 .comment       0x0000000000000090       0x12 ../lib/libstdlib.a(stdlib.o)

.debug_line     0x0000000000000000      0x14f
 .debug_line    0x0000000000000000       0x86 /u/wbcowan/gnuarm-4.0.2/lib/gcc/arm-elf/4.0.2/libgcc.a(_udivsi3.o)
 .debug_line    0x0000000000000086       0x6f /u/wbcowan/gnuarm-4.0.2/lib/gcc/arm-elf/4.0.2/libgcc.a(_umodsi3.o)
 .debug_line    0x00000000000000f5       0x5a /u/wbcowan/gnuarm-4.0.2/lib/gcc/arm-elf/4.0.2/libgcc.a(_dvmd_tls.o)

.debug_info     0x0000000000000000      0x153
 .debug_info    0x0000000000000000       0x71 /u/wbcowan/gnuarm-4.0.2/lib/gcc/arm-elf/4.0.2/libgcc.a(_udivsi3.o)
 .debug_info    0x0000000000000071       0x71 /u/wbcowan/gnuarm-4.0.2/lib/gcc/arm-elf/4.0.2/libgcc.a(_umodsi3.o)
 .debug_info    0x00000000000000e2       0x71 /u/wbcowan/gnuarm-4.0.2/lib/gcc/arm-elf/4.0.2/libgcc.a(_dvmd_tls.o)

.debug_abbrev   0x0000000000000000       0x3c
 .debug_abbrev  0x0000000000000000       0x14 /u/wbcowan/gnuarm-4.0.2/lib/gcc/arm-elf/4.0.2/libgcc.a(_udivsi3.o)
 .debug_abbrev  0x0000000000000014       0x14 /u/wbcowan/gnuarm-4.0.2/lib/gcc/arm-elf/4.0.2/libgcc.a(_umodsi3.o)
 .debug_abbrev  0x0000000000000028       0x14 /u/wbcowan/gnuarm-4.0.2/lib/gcc/arm-elf/4.0.2/libgcc.a(_dvmd_tls.o)

.debug_aranges  0x0000000000000000       0x60
 .debug_aranges
                0x0000000000000000       0x20 /u/wbcowan/gnuarm-4.0.2/lib/gcc/arm-elf/4.0.2/libgcc.a(_udivsi3.o)
 .debug_aranges
                0x0000000000000020       0x20 /u/wbcowan/gnuarm-4.0.2/lib/gcc/arm-elf/4.0.2/libgcc.a(_umodsi3.o)
 .debug_aranges
                0x0000000000000040       0x20 /u/wbcowan/gnuarm-4.0.2/lib/gcc/arm-elf/4.0.2/libgcc.a(_dvmd_tls.o)
