Archive member included because of file (symbol)

../lib/libbufio.a(iolib.o)    main.o (io_init)
../lib/libbufio.a(iobuffer.o)
                              ../lib/libbufio.a(iolib.o) (iobuf_init)
../lib/libbwio.a(bwio.o)      ../lib/libbufio.a(iolib.o) (bwsetfifo)
/u/wbcowan/gnuarm-4.0.2/lib/gcc/arm-elf/4.0.2/libgcc.a(_udivsi3.o)
                              ../lib/libbwio.a(bwio.o) (__udivsi3)
/u/wbcowan/gnuarm-4.0.2/lib/gcc/arm-elf/4.0.2/libgcc.a(_umodsi3.o)
                              ../lib/libbwio.a(bwio.o) (__umodsi3)
/u/wbcowan/gnuarm-4.0.2/lib/gcc/arm-elf/4.0.2/libgcc.a(_dvmd_tls.o)
                              /u/wbcowan/gnuarm-4.0.2/lib/gcc/arm-elf/4.0.2/libgcc.a(_udivsi3.o) (__div0)

Memory Configuration

Name             Origin             Length             Attributes
ram              0x0000000000000000 0x0000000002000000
rom              0x0000000060000000 0x0000000000800000
*default*        0x0000000000000000 0xffffffffffffffff

Linker script and memory map


data            0x0000000000000000        0x0
                0x0000000000000000                _DataStart = .
 *(.data)
                0x0000000000000000                _DataEnd = .

bss             0x0000000000000000       0x70
                0x0000000000000000                _BssStart = .
 *(.bss)
 .bss           0x0000000000000000       0x70 ../lib/libbufio.a(iolib.o)
                0x0000000000000070                _BssEnd = .

text            0x0000000000000070     0x1248
 *(.text)
 .text          0x0000000000000070       0x8c main.o
                0x0000000000000070                main
 .text          0x00000000000000fc      0x180 ../lib/libbufio.a(iolib.o)
                0x00000000000000fc                io_init
                0x00000000000001ec                io_poll
                0x000000000000017c                putc
 .text          0x000000000000027c      0x1bc ../lib/libbufio.a(iobuffer.o)
                0x00000000000002d0                iobuf_init
                0x00000000000003a4                iobuf_store
                0x0000000000000314                iobuf_get
 .text          0x0000000000000438      0xc54 ../lib/libbwio.a(bwio.o)
                0x00000000000007b0                bwputr
                0x0000000000000d1c                bwi2a
                0x0000000000000438                bwsetfifo
                0x000000000000060c                bwputc
                0x0000000000000a6c                bwa2d
                0x0000000000000500                bwsetspeed
                0x00000000000006d0                c2x
                0x0000000000000b14                bwa2i
                0x00000000000009b4                bwgetc
                0x0000000000000bd8                bwui2a
                0x0000000000000d80                bwformat
                0x00000000000008ac                bwputw
                0x0000000000001054                bwprintf
                0x0000000000000730                bwputx
                0x0000000000000830                bwputstr
 .text          0x000000000000108c      0x110 /u/wbcowan/gnuarm-4.0.2/lib/gcc/arm-elf/4.0.2/libgcc.a(_udivsi3.o)
                0x000000000000108c                __udivsi3
                0x0000000000001184                __aeabi_uidivmod
 .text          0x000000000000119c       0xcc /u/wbcowan/gnuarm-4.0.2/lib/gcc/arm-elf/4.0.2/libgcc.a(_umodsi3.o)
                0x000000000000119c                __umodsi3
 .text          0x0000000000001268        0x4 /u/wbcowan/gnuarm-4.0.2/lib/gcc/arm-elf/4.0.2/libgcc.a(_dvmd_tls.o)
                0x0000000000001268                __aeabi_ldiv0
                0x0000000000001268                __div0
                0x0000000000001268                __aeabi_idiv0
 *(.got)
 .got           0x000000000000126c        0x4 ../lib/libbufio.a(iolib.o)
 *(.got.plt)
 .got.plt       0x0000000000001270        0xc ../lib/libbufio.a(iolib.o)
                0x0000000000001270                _GLOBAL_OFFSET_TABLE_
 *(.rodata)
 .rodata        0x000000000000127c       0x3c ../lib/libbufio.a(iolib.o)
 *(.glue_7)
 *(.glue_7t)

.rel.dyn
LOAD main.o
LOAD ../lib/libbufio.a
LOAD ../lib/libbwio.a
LOAD ../lib/libstdlib.a
LOAD /u/wbcowan/gnuarm-4.0.2/lib/gcc/arm-elf/4.0.2/libgcc.a
OUTPUT(kernel.elf elf32-littlearm)

.comment        0x0000000000000000       0x48
 .comment       0x0000000000000000       0x12 main.o
 .comment       0x0000000000000012       0x12 ../lib/libbufio.a(iolib.o)
 .comment       0x0000000000000024       0x12 ../lib/libbufio.a(iobuffer.o)
 .comment       0x0000000000000036       0x12 ../lib/libbwio.a(bwio.o)

.debug_line     0x0000000000000000      0x14f
 .debug_line    0x0000000000000000       0x86 /u/wbcowan/gnuarm-4.0.2/lib/gcc/arm-elf/4.0.2/libgcc.a(_udivsi3.o)
 .debug_line    0x0000000000000086       0x6f /u/wbcowan/gnuarm-4.0.2/lib/gcc/arm-elf/4.0.2/libgcc.a(_umodsi3.o)
 .debug_line    0x00000000000000f5       0x5a /u/wbcowan/gnuarm-4.0.2/lib/gcc/arm-elf/4.0.2/libgcc.a(_dvmd_tls.o)

.debug_info     0x0000000000000000      0x153
 .debug_info    0x0000000000000000       0x71 /u/wbcowan/gnuarm-4.0.2/lib/gcc/arm-elf/4.0.2/libgcc.a(_udivsi3.o)
 .debug_info    0x0000000000000071       0x71 /u/wbcowan/gnuarm-4.0.2/lib/gcc/arm-elf/4.0.2/libgcc.a(_umodsi3.o)
 .debug_info    0x00000000000000e2       0x71 /u/wbcowan/gnuarm-4.0.2/lib/gcc/arm-elf/4.0.2/libgcc.a(_dvmd_tls.o)

.debug_abbrev   0x0000000000000000       0x3c
 .debug_abbrev  0x0000000000000000       0x14 /u/wbcowan/gnuarm-4.0.2/lib/gcc/arm-elf/4.0.2/libgcc.a(_udivsi3.o)
 .debug_abbrev  0x0000000000000014       0x14 /u/wbcowan/gnuarm-4.0.2/lib/gcc/arm-elf/4.0.2/libgcc.a(_umodsi3.o)
 .debug_abbrev  0x0000000000000028       0x14 /u/wbcowan/gnuarm-4.0.2/lib/gcc/arm-elf/4.0.2/libgcc.a(_dvmd_tls.o)

.debug_aranges  0x0000000000000000       0x60
 .debug_aranges
                0x0000000000000000       0x20 /u/wbcowan/gnuarm-4.0.2/lib/gcc/arm-elf/4.0.2/libgcc.a(_udivsi3.o)
 .debug_aranges
                0x0000000000000020       0x20 /u/wbcowan/gnuarm-4.0.2/lib/gcc/arm-elf/4.0.2/libgcc.a(_umodsi3.o)
 .debug_aranges
                0x0000000000000040       0x20 /u/wbcowan/gnuarm-4.0.2/lib/gcc/arm-elf/4.0.2/libgcc.a(_dvmd_tls.o)
