Archive member included because of file (symbol)

../lib/libbufio.a(iolib.o)    main.o (io_init)
../lib/libbufio.a(iobuffer.o)
                              ../lib/libbufio.a(iolib.o) (iobuf_init)
../lib/libbwio.a(bwio.o)      ../lib/libbufio.a(iolib.o) (bwsetfifo)
/u/wbcowan/gnuarm-4.0.2/lib/gcc/arm-elf/4.0.2/libgcc.a(_udivsi3.o)
                              ../lib/libbwio.a(bwio.o) (__udivsi3)
/u/wbcowan/gnuarm-4.0.2/lib/gcc/arm-elf/4.0.2/libgcc.a(_umodsi3.o)
                              ../lib/libbwio.a(bwio.o) (__umodsi3)
/u/wbcowan/gnuarm-4.0.2/lib/gcc/arm-elf/4.0.2/libgcc.a(_dvmd_tls.o)
                              /u/wbcowan/gnuarm-4.0.2/lib/gcc/arm-elf/4.0.2/libgcc.a(_udivsi3.o) (__div0)

Memory Configuration

Name             Origin             Length             Attributes
ram              0x0000000000000000 0x0000000002000000
rom              0x0000000060000000 0x0000000000800000
*default*        0x0000000000000000 0xffffffffffffffff

Linker script and memory map


data            0x0000000000000000        0x0
                0x0000000000000000                _DataStart = .
 *(.data)
                0x0000000000000000                _DataEnd = .

bss             0x0000000000000000       0x70
                0x0000000000000000                _BssStart = .
 *(.bss)
 .bss           0x0000000000000000       0x70 ../lib/libbufio.a(iolib.o)
                0x0000000000000070                _BssEnd = .

text            0x0000000000000070     0x125c
 *(.text)
 .text          0x0000000000000070       0xa0 main.o
                0x0000000000000070                main
 .text          0x0000000000000110      0x180 ../lib/libbufio.a(iolib.o)
                0x0000000000000110                io_init
                0x0000000000000200                io_poll
                0x0000000000000190                putc
 .text          0x0000000000000290      0x1bc ../lib/libbufio.a(iobuffer.o)
                0x00000000000002e4                iobuf_init
                0x00000000000003b8                iobuf_store
                0x0000000000000328                iobuf_get
 .text          0x000000000000044c      0xc54 ../lib/libbwio.a(bwio.o)
                0x00000000000007c4                bwputr
                0x0000000000000d30                bwi2a
                0x000000000000044c                bwsetfifo
                0x0000000000000620                bwputc
                0x0000000000000a80                bwa2d
                0x0000000000000514                bwsetspeed
                0x00000000000006e4                c2x
                0x0000000000000b28                bwa2i
                0x00000000000009c8                bwgetc
                0x0000000000000bec                bwui2a
                0x0000000000000d94                bwformat
                0x00000000000008c0                bwputw
                0x0000000000001068                bwprintf
                0x0000000000000744                bwputx
                0x0000000000000844                bwputstr
 .text          0x00000000000010a0      0x110 /u/wbcowan/gnuarm-4.0.2/lib/gcc/arm-elf/4.0.2/libgcc.a(_udivsi3.o)
                0x00000000000010a0                __udivsi3
                0x0000000000001198                __aeabi_uidivmod
 .text          0x00000000000011b0       0xcc /u/wbcowan/gnuarm-4.0.2/lib/gcc/arm-elf/4.0.2/libgcc.a(_umodsi3.o)
                0x00000000000011b0                __umodsi3
 .text          0x000000000000127c        0x4 /u/wbcowan/gnuarm-4.0.2/lib/gcc/arm-elf/4.0.2/libgcc.a(_dvmd_tls.o)
                0x000000000000127c                __aeabi_ldiv0
                0x000000000000127c                __div0
                0x000000000000127c                __aeabi_idiv0
 *(.got)
 .got           0x0000000000001280        0x4 ../lib/libbufio.a(iolib.o)
 *(.got.plt)
 .got.plt       0x0000000000001284        0xc ../lib/libbufio.a(iolib.o)
                0x0000000000001284                _GLOBAL_OFFSET_TABLE_
 *(.rodata)
 .rodata        0x0000000000001290       0x3c ../lib/libbufio.a(iolib.o)
 *(.glue_7)
 *(.glue_7t)

.rel.dyn
LOAD main.o
LOAD ../lib/libbufio.a
LOAD ../lib/libbwio.a
LOAD ../lib/libstdlib.a
LOAD /u/wbcowan/gnuarm-4.0.2/lib/gcc/arm-elf/4.0.2/libgcc.a
OUTPUT(kernel.elf elf32-littlearm)

.comment        0x0000000000000000       0x48
 .comment       0x0000000000000000       0x12 main.o
 .comment       0x0000000000000012       0x12 ../lib/libbufio.a(iolib.o)
 .comment       0x0000000000000024       0x12 ../lib/libbufio.a(iobuffer.o)
 .comment       0x0000000000000036       0x12 ../lib/libbwio.a(bwio.o)

.debug_line     0x0000000000000000      0x14f
 .debug_line    0x0000000000000000       0x86 /u/wbcowan/gnuarm-4.0.2/lib/gcc/arm-elf/4.0.2/libgcc.a(_udivsi3.o)
 .debug_line    0x0000000000000086       0x6f /u/wbcowan/gnuarm-4.0.2/lib/gcc/arm-elf/4.0.2/libgcc.a(_umodsi3.o)
 .debug_line    0x00000000000000f5       0x5a /u/wbcowan/gnuarm-4.0.2/lib/gcc/arm-elf/4.0.2/libgcc.a(_dvmd_tls.o)

.debug_info     0x0000000000000000      0x153
 .debug_info    0x0000000000000000       0x71 /u/wbcowan/gnuarm-4.0.2/lib/gcc/arm-elf/4.0.2/libgcc.a(_udivsi3.o)
 .debug_info    0x0000000000000071       0x71 /u/wbcowan/gnuarm-4.0.2/lib/gcc/arm-elf/4.0.2/libgcc.a(_umodsi3.o)
 .debug_info    0x00000000000000e2       0x71 /u/wbcowan/gnuarm-4.0.2/lib/gcc/arm-elf/4.0.2/libgcc.a(_dvmd_tls.o)

.debug_abbrev   0x0000000000000000       0x3c
 .debug_abbrev  0x0000000000000000       0x14 /u/wbcowan/gnuarm-4.0.2/lib/gcc/arm-elf/4.0.2/libgcc.a(_udivsi3.o)
 .debug_abbrev  0x0000000000000014       0x14 /u/wbcowan/gnuarm-4.0.2/lib/gcc/arm-elf/4.0.2/libgcc.a(_umodsi3.o)
 .debug_abbrev  0x0000000000000028       0x14 /u/wbcowan/gnuarm-4.0.2/lib/gcc/arm-elf/4.0.2/libgcc.a(_dvmd_tls.o)

.debug_aranges  0x0000000000000000       0x60
 .debug_aranges
                0x0000000000000000       0x20 /u/wbcowan/gnuarm-4.0.2/lib/gcc/arm-elf/4.0.2/libgcc.a(_udivsi3.o)
 .debug_aranges
                0x0000000000000020       0x20 /u/wbcowan/gnuarm-4.0.2/lib/gcc/arm-elf/4.0.2/libgcc.a(_umodsi3.o)
 .debug_aranges
                0x0000000000000040       0x20 /u/wbcowan/gnuarm-4.0.2/lib/gcc/arm-elf/4.0.2/libgcc.a(_dvmd_tls.o)
