Archive member included because of file (symbol)

../lib/libbufio.a(iolib.o)    main.o (io_init)
../lib/libbufio.a(iobuffer.o)
                              ../lib/libbufio.a(iolib.o) (iobuf_init)
../lib/libbwio.a(bwio.o)      ../lib/libbufio.a(iolib.o) (bwsetfifo)
../lib/libstdlib.a(stdlib.o)  ../lib/libbufio.a(iolib.o) (bwa2i)
/u/wbcowan/gnuarm-4.0.2/lib/gcc/arm-elf/4.0.2/libgcc.a(_udivsi3.o)
                              ../lib/libstdlib.a(stdlib.o) (__udivsi3)
/u/wbcowan/gnuarm-4.0.2/lib/gcc/arm-elf/4.0.2/libgcc.a(_umodsi3.o)
                              ../lib/libstdlib.a(stdlib.o) (__umodsi3)
/u/wbcowan/gnuarm-4.0.2/lib/gcc/arm-elf/4.0.2/libgcc.a(_dvmd_tls.o)
                              /u/wbcowan/gnuarm-4.0.2/lib/gcc/arm-elf/4.0.2/libgcc.a(_udivsi3.o) (__div0)

Memory Configuration

Name             Origin             Length             Attributes
ram              0x0000000000218000 0x0000000002000000
rom              0x0000000060000000 0x0000000000800000
*default*        0x0000000000000000 0xffffffffffffffff

Linker script and memory map


data            0x0000000000218000        0x0
                0x0000000000218000                _DataStart = .
 *(.data)
                0x0000000000218000                _DataEnd = .

bss             0x0000000000218000      0x294
                0x0000000000218000                _BssStart = .
 *(.bss)
 .bss           0x0000000000218000       0x14 clock.o
 .bss           0x0000000000218014      0x190 train.o
 .bss           0x00000000002181a4       0xf0 ../lib/libbufio.a(iolib.o)
                0x0000000000218294                _BssEnd = .

text            0x0000000000218294     0x21ac
 *(.text)
 .text          0x0000000000218294      0x29c clock.o
                0x0000000000218294                clock_init
                0x0000000000218370                clock_get
                0x00000000002183f0                clock_poll
 .text          0x0000000000218530      0x348 main.o
                0x0000000000218530                main
 .text          0x0000000000218878      0x2fc train.o
                0x0000000000218ae4                train_setspeed
                0x0000000000218a04                train_start
                0x0000000000218878                _nop
                0x0000000000218b40                train_setgate
 .text          0x0000000000218b74      0x6fc ../lib/libbufio.a(iolib.o)
                0x0000000000218e10                putw
                0x00000000002191d0                printf
                0x0000000000218d9c                putstr
                0x0000000000218b74                io_init
                0x0000000000219200                getc
                0x0000000000218f0c                formatString
                0x0000000000218c74                io_poll
                0x0000000000218d50                putc
 .text          0x0000000000219270      0x1ec ../lib/libbufio.a(iobuffer.o)
                0x00000000002192c4                iobuf_init
                0x00000000002193c8                iobuf_store
                0x0000000000219338                iobuf_get
                0x0000000000219308                iobuf_empty
 .text          0x000000000021945c      0x974 ../lib/libbwio.a(bwio.o)
                0x0000000000219808                bwputr
                0x000000000021945c                bwsetfifo
                0x0000000000219630                bwputc
                0x0000000000219524                bwsetspeed
                0x0000000000219728                c2x
                0x0000000000219a0c                bwgetc
                0x0000000000219ac4                bwformat
                0x0000000000219904                bwputw
                0x0000000000219d98                bwprintf
                0x0000000000219788                bwputx
                0x0000000000219888                bwputstr
 .text          0x0000000000219dd0      0x3a4 ../lib/libstdlib.a(stdlib.o)
                0x000000000021a110                bwi2a
                0x0000000000219dd0                memcpy
                0x0000000000219e60                bwa2d
                0x0000000000219f08                bwa2i
                0x0000000000219fcc                bwui2a
                0x0000000000219e38                abs
 .text          0x000000000021a174      0x110 /u/wbcowan/gnuarm-4.0.2/lib/gcc/arm-elf/4.0.2/libgcc.a(_udivsi3.o)
                0x000000000021a174                __udivsi3
                0x000000000021a26c                __aeabi_uidivmod
 .text          0x000000000021a284       0xcc /u/wbcowan/gnuarm-4.0.2/lib/gcc/arm-elf/4.0.2/libgcc.a(_umodsi3.o)
                0x000000000021a284                __umodsi3
 .text          0x000000000021a350        0x4 /u/wbcowan/gnuarm-4.0.2/lib/gcc/arm-elf/4.0.2/libgcc.a(_dvmd_tls.o)
                0x000000000021a350                __aeabi_ldiv0
                0x000000000021a350                __div0
                0x000000000021a350                __aeabi_idiv0
 *(.got)
 .got           0x000000000021a354       0x34 clock.o
 *(.got.plt)
 .got.plt       0x000000000021a388        0xc clock.o
                0x000000000021a388                _GLOBAL_OFFSET_TABLE_
 *(.rodata)
 .rodata        0x000000000021a394       0x68 main.o
 .rodata        0x000000000021a3fc       0x44 train.o
 *(.glue_7)
 *(.glue_7t)

.rel.dyn
LOAD clock.o
LOAD main.o
LOAD train.o
LOAD ../lib/libbufio.a
LOAD ../lib/libbwio.a
LOAD ../lib/libstdlib.a
LOAD /u/wbcowan/gnuarm-4.0.2/lib/gcc/arm-elf/4.0.2/libgcc.a
OUTPUT(kernel.elf elf32-littlearm)

.comment        0x0000000000000000       0x7e
 .comment       0x0000000000000000       0x12 clock.o
 .comment       0x0000000000000012       0x12 main.o
 .comment       0x0000000000000024       0x12 train.o
 .comment       0x0000000000000036       0x12 ../lib/libbufio.a(iolib.o)
 .comment       0x0000000000000048       0x12 ../lib/libbufio.a(iobuffer.o)
 .comment       0x000000000000005a       0x12 ../lib/libbwio.a(bwio.o)
 .comment       0x000000000000006c       0x12 ../lib/libstdlib.a(stdlib.o)

.debug_line     0x0000000000000000      0x14f
 .debug_line    0x0000000000000000       0x86 /u/wbcowan/gnuarm-4.0.2/lib/gcc/arm-elf/4.0.2/libgcc.a(_udivsi3.o)
 .debug_line    0x0000000000000086       0x6f /u/wbcowan/gnuarm-4.0.2/lib/gcc/arm-elf/4.0.2/libgcc.a(_umodsi3.o)
 .debug_line    0x00000000000000f5       0x5a /u/wbcowan/gnuarm-4.0.2/lib/gcc/arm-elf/4.0.2/libgcc.a(_dvmd_tls.o)

.debug_info     0x0000000000000000      0x153
 .debug_info    0x0000000000000000       0x71 /u/wbcowan/gnuarm-4.0.2/lib/gcc/arm-elf/4.0.2/libgcc.a(_udivsi3.o)
 .debug_info    0x0000000000000071       0x71 /u/wbcowan/gnuarm-4.0.2/lib/gcc/arm-elf/4.0.2/libgcc.a(_umodsi3.o)
 .debug_info    0x00000000000000e2       0x71 /u/wbcowan/gnuarm-4.0.2/lib/gcc/arm-elf/4.0.2/libgcc.a(_dvmd_tls.o)

.debug_abbrev   0x0000000000000000       0x3c
 .debug_abbrev  0x0000000000000000       0x14 /u/wbcowan/gnuarm-4.0.2/lib/gcc/arm-elf/4.0.2/libgcc.a(_udivsi3.o)
 .debug_abbrev  0x0000000000000014       0x14 /u/wbcowan/gnuarm-4.0.2/lib/gcc/arm-elf/4.0.2/libgcc.a(_umodsi3.o)
 .debug_abbrev  0x0000000000000028       0x14 /u/wbcowan/gnuarm-4.0.2/lib/gcc/arm-elf/4.0.2/libgcc.a(_dvmd_tls.o)

.debug_aranges  0x0000000000000000       0x60
 .debug_aranges
                0x0000000000000000       0x20 /u/wbcowan/gnuarm-4.0.2/lib/gcc/arm-elf/4.0.2/libgcc.a(_udivsi3.o)
 .debug_aranges
                0x0000000000000020       0x20 /u/wbcowan/gnuarm-4.0.2/lib/gcc/arm-elf/4.0.2/libgcc.a(_umodsi3.o)
 .debug_aranges
                0x0000000000000040       0x20 /u/wbcowan/gnuarm-4.0.2/lib/gcc/arm-elf/4.0.2/libgcc.a(_dvmd_tls.o)
