Archive member included because of file (symbol)

../lib/libbufio.a(iolib.o)    main.o (io_init)
../lib/libbufio.a(iobuffer.o)
                              ../lib/libbufio.a(iolib.o) (iobuf_init)
../lib/libbwio.a(bwio.o)      ../lib/libbufio.a(iolib.o) (bwsetfifo)
../lib/libstdlib.a(stdlib.o)  main.o (bwcls)
/u/wbcowan/gnuarm-4.0.2/lib/gcc/arm-elf/4.0.2/libgcc.a(_udivsi3.o)
                              ../lib/libstdlib.a(stdlib.o) (__udivsi3)
/u/wbcowan/gnuarm-4.0.2/lib/gcc/arm-elf/4.0.2/libgcc.a(_umodsi3.o)
                              ../lib/libstdlib.a(stdlib.o) (__umodsi3)
/u/wbcowan/gnuarm-4.0.2/lib/gcc/arm-elf/4.0.2/libgcc.a(_dvmd_tls.o)
                              /u/wbcowan/gnuarm-4.0.2/lib/gcc/arm-elf/4.0.2/libgcc.a(_udivsi3.o) (__div0)

Memory Configuration

Name             Origin             Length             Attributes
ram              0x0000000000218000 0x0000000002000000
rom              0x0000000060000000 0x0000000000800000
*default*        0x0000000000000000 0xffffffffffffffff

Linker script and memory map


data            0x0000000000218000        0x0
                0x0000000000218000                _DataStart = .
 *(.data)
                0x0000000000218000                _DataEnd = .

bss             0x0000000000218000      0x1c0
                0x0000000000218000                _BssStart = .
 *(.bss)
 .bss           0x0000000000218000       0x14 clock.o
 .bss           0x0000000000218014       0x48 main.o
                0x0000000000218018                print_label
                0x0000000000218030                switch_index
                0x0000000000218014                running
                0x000000000021801c                arg
                0x0000000000218034                switches
 .bss           0x000000000021805c       0x74 train.o
 .bss           0x00000000002180d0       0xf0 ../lib/libbufio.a(iolib.o)
                0x00000000002181c0                _BssEnd = .

text            0x00000000002181c0     0x3ea0
 *(.text)
 .text          0x00000000002181c0      0x29c clock.o
                0x00000000002181c0                clock_init
                0x000000000021829c                clock_get
                0x000000000021831c                clock_poll
 .text          0x000000000021845c      0x8a4 main.o
                0x000000000021864c                run_command
                0x000000000021845c                inc_switchread
                0x00000000002184dc                init
                0x00000000002188ac                main
                0x00000000002187a4                getSwitchName
 .text          0x0000000000218d00      0x770 parse.o
                0x0000000000219000                parse_gate
                0x0000000000218e84                parse_argument
                0x0000000000218d00                consume_integer
                0x0000000000219270                parse_reverse
                0x000000000021931c                parse_command
                0x0000000000219118                parse_train
                0x0000000000218db0                consume_whitespace
                0x0000000000219230                parse_stop
 .text          0x0000000000219470      0x30c terminal.o
                0x00000000002196c4                term_init
                0x00000000002195ac                term_uswitchtable
                0x0000000000219470                term_switchtable
                0x0000000000219744                term_destroy
 .text          0x000000000021977c      0x878 train.o
                0x0000000000219e2c                train_setspeed
                0x0000000000219fd4                train_askdump
                0x0000000000219c8c                train_init
                0x0000000000219f04                train_setgate
 .text          0x0000000000219ff4      0x918 ../lib/libbufio.a(iolib.o)
                0x000000000021a40c                putw
                0x000000000021a7cc                printf
                0x000000000021a398                putstr
                0x0000000000219ff4                io_init
                0x000000000021a7fc                getc
                0x000000000021a508                formatString
                0x000000000021a2b8                io_poll
                0x000000000021a34c                puttrain
                0x000000000021a1c8                train_writepoll
                0x000000000021a300                putc
                0x000000000021a884                gettrain
                0x000000000021a0f4                term_writepoll
 .text          0x000000000021a90c      0x1ec ../lib/libbufio.a(iobuffer.o)
                0x000000000021a960                iobuf_init
                0x000000000021aa64                iobuf_store
                0x000000000021a9d4                iobuf_get
                0x000000000021a9a4                iobuf_empty
 .text          0x000000000021aaf8      0x990 ../lib/libbwio.a(bwio.o)
                0x000000000021aec0                bwputr
                0x000000000021aaf8                bwsetfifo
                0x000000000021accc                bwputc
                0x000000000021abc0                bwsetspeed
                0x000000000021ade0                c2x
                0x000000000021b0c4                bwgetc
                0x000000000021b17c                bwformat
                0x000000000021afbc                bwputw
                0x000000000021b450                bwprintf
                0x000000000021ae40                bwputx
                0x000000000021af40                bwputstr
 .text          0x000000000021b488      0x6b0 ../lib/libstdlib.a(stdlib.o)
                0x000000000021b5a0                setpos
                0x000000000021b7a0                ishex
                0x000000000021bad4                bwi2a
                0x000000000021b53c                bwloadcur
                0x000000000021b648                memcpy
                0x000000000021b6d8                isspace
                0x000000000021b824                bwa2d
                0x000000000021b74c                isnum
                0x000000000021b8cc                bwa2i
                0x000000000021b618                loadcur
                0x000000000021b508                bwsavecur
                0x000000000021b990                bwui2a
                0x000000000021b5e8                savecur
                0x000000000021b488                bwcls
                0x000000000021b4bc                bwsetpos
                0x000000000021b570                cls
                0x000000000021b6b0                abs
 .text          0x000000000021bb38      0x110 /u/wbcowan/gnuarm-4.0.2/lib/gcc/arm-elf/4.0.2/libgcc.a(_udivsi3.o)
                0x000000000021bb38                __udivsi3
                0x000000000021bc30                __aeabi_uidivmod
 .text          0x000000000021bc48       0xcc /u/wbcowan/gnuarm-4.0.2/lib/gcc/arm-elf/4.0.2/libgcc.a(_umodsi3.o)
                0x000000000021bc48                __umodsi3
 .text          0x000000000021bd14        0x4 /u/wbcowan/gnuarm-4.0.2/lib/gcc/arm-elf/4.0.2/libgcc.a(_dvmd_tls.o)
                0x000000000021bd14                __aeabi_ldiv0
                0x000000000021bd14                __div0
                0x000000000021bd14                __aeabi_idiv0
 *(.got)
 .got           0x000000000021bd18       0x48 clock.o
 *(.got.plt)
 .got.plt       0x000000000021bd60        0xc clock.o
                0x000000000021bd60                _GLOBAL_OFFSET_TABLE_
 *(.rodata)
 .rodata        0x000000000021bd6c       0xe4 main.o
 .rodata        0x000000000021be50       0x1c parse.o
 .rodata        0x000000000021be6c       0xec terminal.o
 .rodata        0x000000000021bf58       0xec train.o
 .rodata        0x000000000021c044       0x1c ../lib/libstdlib.a(stdlib.o)
 *(.glue_7)
 *(.glue_7t)

.rel.dyn
LOAD clock.o
LOAD main.o
LOAD parse.o
LOAD terminal.o
LOAD train.o
LOAD ../lib/libbufio.a
LOAD ../lib/libbwio.a
LOAD ../lib/libstdlib.a
LOAD /u/wbcowan/gnuarm-4.0.2/lib/gcc/arm-elf/4.0.2/libgcc.a
OUTPUT(kernel.elf elf32-littlearm)

.comment        0x0000000000000000       0xa2
 .comment       0x0000000000000000       0x12 clock.o
 .comment       0x0000000000000012       0x12 main.o
 .comment       0x0000000000000024       0x12 parse.o
 .comment       0x0000000000000036       0x12 terminal.o
 .comment       0x0000000000000048       0x12 train.o
 .comment       0x000000000000005a       0x12 ../lib/libbufio.a(iolib.o)
 .comment       0x000000000000006c       0x12 ../lib/libbufio.a(iobuffer.o)
 .comment       0x000000000000007e       0x12 ../lib/libbwio.a(bwio.o)
 .comment       0x0000000000000090       0x12 ../lib/libstdlib.a(stdlib.o)

.debug_line     0x0000000000000000      0x14f
 .debug_line    0x0000000000000000       0x86 /u/wbcowan/gnuarm-4.0.2/lib/gcc/arm-elf/4.0.2/libgcc.a(_udivsi3.o)
 .debug_line    0x0000000000000086       0x6f /u/wbcowan/gnuarm-4.0.2/lib/gcc/arm-elf/4.0.2/libgcc.a(_umodsi3.o)
 .debug_line    0x00000000000000f5       0x5a /u/wbcowan/gnuarm-4.0.2/lib/gcc/arm-elf/4.0.2/libgcc.a(_dvmd_tls.o)

.debug_info     0x0000000000000000      0x153
 .debug_info    0x0000000000000000       0x71 /u/wbcowan/gnuarm-4.0.2/lib/gcc/arm-elf/4.0.2/libgcc.a(_udivsi3.o)
 .debug_info    0x0000000000000071       0x71 /u/wbcowan/gnuarm-4.0.2/lib/gcc/arm-elf/4.0.2/libgcc.a(_umodsi3.o)
 .debug_info    0x00000000000000e2       0x71 /u/wbcowan/gnuarm-4.0.2/lib/gcc/arm-elf/4.0.2/libgcc.a(_dvmd_tls.o)

.debug_abbrev   0x0000000000000000       0x3c
 .debug_abbrev  0x0000000000000000       0x14 /u/wbcowan/gnuarm-4.0.2/lib/gcc/arm-elf/4.0.2/libgcc.a(_udivsi3.o)
 .debug_abbrev  0x0000000000000014       0x14 /u/wbcowan/gnuarm-4.0.2/lib/gcc/arm-elf/4.0.2/libgcc.a(_umodsi3.o)
 .debug_abbrev  0x0000000000000028       0x14 /u/wbcowan/gnuarm-4.0.2/lib/gcc/arm-elf/4.0.2/libgcc.a(_dvmd_tls.o)

.debug_aranges  0x0000000000000000       0x60
 .debug_aranges
                0x0000000000000000       0x20 /u/wbcowan/gnuarm-4.0.2/lib/gcc/arm-elf/4.0.2/libgcc.a(_udivsi3.o)
 .debug_aranges
                0x0000000000000020       0x20 /u/wbcowan/gnuarm-4.0.2/lib/gcc/arm-elf/4.0.2/libgcc.a(_umodsi3.o)
 .debug_aranges
                0x0000000000000040       0x20 /u/wbcowan/gnuarm-4.0.2/lib/gcc/arm-elf/4.0.2/libgcc.a(_dvmd_tls.o)
