Archive member included because of file (symbol)

../lib/libbufio.a(iolib.o)    main.o (io_init)
../lib/libbufio.a(iobuffer.o)
                              ../lib/libbufio.a(iolib.o) (iobuf_init)
../lib/libbwio.a(bwio.o)      ../lib/libbufio.a(iolib.o) (bwsetfifo)
../lib/libstdlib.a(stdlib.o)  ../lib/libbufio.a(iolib.o) (bwa2i)
/u/wbcowan/gnuarm-4.0.2/lib/gcc/arm-elf/4.0.2/libgcc.a(_udivsi3.o)
                              ../lib/libstdlib.a(stdlib.o) (__udivsi3)
/u/wbcowan/gnuarm-4.0.2/lib/gcc/arm-elf/4.0.2/libgcc.a(_umodsi3.o)
                              ../lib/libstdlib.a(stdlib.o) (__umodsi3)
/u/wbcowan/gnuarm-4.0.2/lib/gcc/arm-elf/4.0.2/libgcc.a(_dvmd_tls.o)
                              /u/wbcowan/gnuarm-4.0.2/lib/gcc/arm-elf/4.0.2/libgcc.a(_udivsi3.o) (__div0)

Memory Configuration

Name             Origin             Length             Attributes
ram              0x0000000000000000 0x0000000002000000
rom              0x0000000060000000 0x0000000000800000
*default*        0x0000000000000000 0xffffffffffffffff

Linker script and memory map


data            0x0000000000000000        0x0
                0x0000000000000000                _DataStart = .
 *(.data)
                0x0000000000000000                _DataEnd = .

bss             0x0000000000000000       0xf4
                0x0000000000000000                _BssStart = .
 *(.bss)
 .bss           0x0000000000000000       0x14 clock.o
 .bss           0x0000000000000014       0xe0 ../lib/libbufio.a(iolib.o)
                0x00000000000000f4                _BssEnd = .

text            0x00000000000000f4     0x1bc4
 *(.text)
 .text          0x00000000000000f4      0x28c clock.o
                0x00000000000000f4                clock_init
                0x00000000000001d0                clock_get
                0x0000000000000250                clock_poll
 .text          0x0000000000000380      0x1c0 main.o
                0x0000000000000380                main
 .text          0x0000000000000540       0x54 train.o
                0x0000000000000540                train_setspeed
 .text          0x0000000000000594      0x630 ../lib/libbufio.a(iolib.o)
                0x00000000000007d4                putw
                0x0000000000000b94                printf
                0x0000000000000760                putstr
                0x0000000000000594                io_init
                0x00000000000008d0                formatString
                0x0000000000000634                io_poll
                0x0000000000000714                putc
 .text          0x0000000000000bc4      0x1ec ../lib/libbufio.a(iobuffer.o)
                0x0000000000000c18                iobuf_init
                0x0000000000000d1c                iobuf_store
                0x0000000000000c8c                iobuf_get
                0x0000000000000c5c                iobuf_empty
 .text          0x0000000000000db0      0x940 ../lib/libbwio.a(bwio.o)
                0x0000000000001128                bwputr
                0x0000000000000db0                bwsetfifo
                0x0000000000000f84                bwputc
                0x0000000000000e78                bwsetspeed
                0x0000000000001048                c2x
                0x000000000000132c                bwgetc
                0x00000000000013e4                bwformat
                0x0000000000001224                bwputw
                0x00000000000016b8                bwprintf
                0x00000000000010a8                bwputx
                0x00000000000011a8                bwputstr
 .text          0x00000000000016f0      0x3a4 ../lib/libstdlib.a(stdlib.o)
                0x0000000000001a30                bwi2a
                0x00000000000016f0                memcpy
                0x0000000000001780                bwa2d
                0x0000000000001828                bwa2i
                0x00000000000018ec                bwui2a
                0x0000000000001758                abs
 .text          0x0000000000001a94      0x110 /u/wbcowan/gnuarm-4.0.2/lib/gcc/arm-elf/4.0.2/libgcc.a(_udivsi3.o)
                0x0000000000001a94                __udivsi3
                0x0000000000001b8c                __aeabi_uidivmod
 .text          0x0000000000001ba4       0xcc /u/wbcowan/gnuarm-4.0.2/lib/gcc/arm-elf/4.0.2/libgcc.a(_umodsi3.o)
                0x0000000000001ba4                __umodsi3
 .text          0x0000000000001c70        0x4 /u/wbcowan/gnuarm-4.0.2/lib/gcc/arm-elf/4.0.2/libgcc.a(_dvmd_tls.o)
                0x0000000000001c70                __aeabi_ldiv0
                0x0000000000001c70                __div0
                0x0000000000001c70                __aeabi_idiv0
 *(.got)
 .got           0x0000000000001c74       0x1c clock.o
 *(.got.plt)
 .got.plt       0x0000000000001c90        0xc clock.o
                0x0000000000001c90                _GLOBAL_OFFSET_TABLE_
 *(.rodata)
 .rodata        0x0000000000001c9c       0x1c main.o
 *(.glue_7)
 *(.glue_7t)

.rel.dyn
LOAD clock.o
LOAD main.o
LOAD train.o
LOAD ../lib/libbufio.a
LOAD ../lib/libbwio.a
LOAD ../lib/libstdlib.a
LOAD /u/wbcowan/gnuarm-4.0.2/lib/gcc/arm-elf/4.0.2/libgcc.a
OUTPUT(kernel.elf elf32-littlearm)

.comment        0x0000000000000000       0x7e
 .comment       0x0000000000000000       0x12 clock.o
 .comment       0x0000000000000012       0x12 main.o
 .comment       0x0000000000000024       0x12 train.o
 .comment       0x0000000000000036       0x12 ../lib/libbufio.a(iolib.o)
 .comment       0x0000000000000048       0x12 ../lib/libbufio.a(iobuffer.o)
 .comment       0x000000000000005a       0x12 ../lib/libbwio.a(bwio.o)
 .comment       0x000000000000006c       0x12 ../lib/libstdlib.a(stdlib.o)

.debug_line     0x0000000000000000      0x14f
 .debug_line    0x0000000000000000       0x86 /u/wbcowan/gnuarm-4.0.2/lib/gcc/arm-elf/4.0.2/libgcc.a(_udivsi3.o)
 .debug_line    0x0000000000000086       0x6f /u/wbcowan/gnuarm-4.0.2/lib/gcc/arm-elf/4.0.2/libgcc.a(_umodsi3.o)
 .debug_line    0x00000000000000f5       0x5a /u/wbcowan/gnuarm-4.0.2/lib/gcc/arm-elf/4.0.2/libgcc.a(_dvmd_tls.o)

.debug_info     0x0000000000000000      0x153
 .debug_info    0x0000000000000000       0x71 /u/wbcowan/gnuarm-4.0.2/lib/gcc/arm-elf/4.0.2/libgcc.a(_udivsi3.o)
 .debug_info    0x0000000000000071       0x71 /u/wbcowan/gnuarm-4.0.2/lib/gcc/arm-elf/4.0.2/libgcc.a(_umodsi3.o)
 .debug_info    0x00000000000000e2       0x71 /u/wbcowan/gnuarm-4.0.2/lib/gcc/arm-elf/4.0.2/libgcc.a(_dvmd_tls.o)

.debug_abbrev   0x0000000000000000       0x3c
 .debug_abbrev  0x0000000000000000       0x14 /u/wbcowan/gnuarm-4.0.2/lib/gcc/arm-elf/4.0.2/libgcc.a(_udivsi3.o)
 .debug_abbrev  0x0000000000000014       0x14 /u/wbcowan/gnuarm-4.0.2/lib/gcc/arm-elf/4.0.2/libgcc.a(_umodsi3.o)
 .debug_abbrev  0x0000000000000028       0x14 /u/wbcowan/gnuarm-4.0.2/lib/gcc/arm-elf/4.0.2/libgcc.a(_dvmd_tls.o)

.debug_aranges  0x0000000000000000       0x60
 .debug_aranges
                0x0000000000000000       0x20 /u/wbcowan/gnuarm-4.0.2/lib/gcc/arm-elf/4.0.2/libgcc.a(_udivsi3.o)
 .debug_aranges
                0x0000000000000020       0x20 /u/wbcowan/gnuarm-4.0.2/lib/gcc/arm-elf/4.0.2/libgcc.a(_umodsi3.o)
 .debug_aranges
                0x0000000000000040       0x20 /u/wbcowan/gnuarm-4.0.2/lib/gcc/arm-elf/4.0.2/libgcc.a(_dvmd_tls.o)
